
> web-dashboard@0.1.0 dev
> next dev

▲ Next.js 16.3.2 (Turbopack)
- Local:         http://localhost:3000
- Network:       http://192.168.0.2:3000
✓ Ready in 563ms
✓ Running next.config.ts took 50ms

○ Compiling /assets ...
 GET /assets 200 in 4.0s (next.js: 3.6s, application-code: 486ms)
 GET /assets 200 in 89ms (next.js: 12ms, application-code: 77ms)
[browser] Socket connect error: websocket error
    at Socket.onConnectError (src/components/chat/GlobalChat.tsx:61:17)
  59 |     }
  60 |     function onConnectError(err: Error) {
> 61 |         console.error('Socket connect error:', err.message);
     |                 ^
  62 |         setIsConnected(false);
  63 |         setConnectionError('Koneksi Gagal');
  64 |         // Stop retrying if it's an auth error or if we've failed repeatedly (src/components/chat/GlobalChat.tsx:61:17)
[browser] Socket connect error: websocket error
    at Socket.onConnectError (src/components/chat/GlobalChat.tsx:61:17)
  59 |     }
  60 |     function onConnectError(err: Error) {
> 61 |         console.error('Socket connect error:', err.message);
     |                 ^
  62 |         setIsConnected(false);
  63 |         setConnectionError('Koneksi Gagal');
  64 |         // Stop retrying if it's an auth error or if we've failed repeatedly (src/components/chat/GlobalChat.tsx:61:17)
 GET / 200 in 773ms (next.js: 674ms, application-code: 99ms)
 GET /assets 200 in 67ms (next.js: 4ms, application-code: 63ms)
[browser] Socket connect error: websocket error
    at Socket.onConnectError (src/components/chat/GlobalChat.tsx:61:17)
  59 |     }
  60 |     function onConnectError(err: Error) {
> 61 |         console.error('Socket connect error:', err.message);
     |                 ^
  62 |         setIsConnected(false);
  63 |         setConnectionError('Koneksi Gagal');
  64 |         // Stop retrying if it's an auth error or if we've failed repeatedly (src/components/chat/GlobalChat.tsx:61:17)
[browser] Socket connect error: websocket error
    at Socket.onConnectError (src/components/chat/GlobalChat.tsx:61:17)
  59 |     }
  60 |     function onConnectError(err: Error) {
> 61 |         console.error('Socket connect error:', err.message);
     |                 ^
  62 |         setIsConnected(false);
  63 |         setConnectionError('Koneksi Gagal');
  64 |         // Stop retrying if it's an auth error or if we've failed repeatedly (src/components/chat/GlobalChat.tsx:61:17)
